Archive member included to satisfy reference by file (symbol)

c:/program files (x86)/atmel/studio/7.0/toolchain/avr8/avr8-gnu-toolchain/bin/../lib/gcc/avr/5.4.0/avr5\libgcc.a(_divmodhi4.o)
                              src/LP55231.o (__divmodhi4)
c:/program files (x86)/atmel/studio/7.0/toolchain/avr8/avr8-gnu-toolchain/bin/../lib/gcc/avr/5.4.0/avr5\libgcc.a(_exit.o)
                              C:/Program Files (x86)/Atmel/Studio/7.0/Packs/Atmel/ATmega_DFP/1.3.300/gcc/dev/atmega328pb/avr5/crtatmega328pb.o (exit)
c:/program files (x86)/atmel/studio/7.0/toolchain/avr8/avr8-gnu-toolchain/bin/../lib/gcc/avr/5.4.0/avr5\libgcc.a(_copy_data.o)
                              main.o (__do_copy_data)
c:/program files (x86)/atmel/studio/7.0/toolchain/avr8/avr8-gnu-toolchain/bin/../lib/gcc/avr/5.4.0/avr5\libgcc.a(_clear_bss.o)
                              driver_isr.o (__do_clear_bss)
c:/program files (x86)/atmel/studio/7.0/toolchain/avr8/avr8-gnu-toolchain/bin/../lib/gcc/avr/5.4.0/avr5\libgcc.a(_umulhisi3.o)
                              src/LP55231.o (__umulhisi3)
c:/program files (x86)/atmel/studio/7.0/toolchain/avr8/avr8-gnu-toolchain/bin/../lib/gcc/avr/5.4.0/avr5\libgcc.a(_udivmodhi4.o)
                              c:/program files (x86)/atmel/studio/7.0/toolchain/avr8/avr8-gnu-toolchain/bin/../lib/gcc/avr/5.4.0/avr5\libgcc.a(_divmodhi4.o) (__udivmodhi4)

Allocating common symbols
Common symbol       size              file

t                   0x1               driver_isr.o
n_flag              0x1               driver_isr.o
hyst_flag           0x1               driver_isr.o
x                   0x2               driver_isr.o
b_flag              0x1               driver_isr.o
TimerCount          0x1               driver_isr.o
PushFlag            0x1               driver_isr.o
ADC_0_measurement_normalized
                    0x1               examples/src/adc_basic_example.o
button_count        0x1               driver_isr.o
z                   0x2               driver_isr.o
ADC_0_measurement   0x2               examples/src/adc_basic_example.o
read_data           0x2               examples/src/i2c_master_example.o
Stat                0x1               driver_isr.o
l_flag              0x1               driver_isr.o
y                   0x2               driver_isr.o
count               0x2               driver_isr.o
timer_flag          0x1               driver_isr.o
startup_flag        0x1               driver_isr.o
battery_flag        0x1               driver_isr.o
battery             0x2               driver_isr.o
z_trigger           0x2               main.o
r_flag              0x1               driver_isr.o
m                   0x2               driver_isr.o
charge              0x1               driver_isr.o

Discarded input sections

 .data          0x00000000        0x0 C:/Program Files (x86)/Atmel/Studio/7.0/Packs/Atmel/ATmega_DFP/1.3.300/gcc/dev/atmega328pb/avr5/crtatmega328pb.o
 .bss           0x00000000        0x0 C:/Program Files (x86)/Atmel/Studio/7.0/Packs/Atmel/ATmega_DFP/1.3.300/gcc/dev/atmega328pb/avr5/crtatmega328pb.o
 .text          0x00000000        0x0 atmel_start.o
 .data          0x00000000        0x0 atmel_start.o
 .bss           0x00000000        0x0 atmel_start.o
 .text          0x00000000        0x0 driver_isr.o
 .data          0x00000000        0x0 driver_isr.o
 .bss           0x00000000        0x0 driver_isr.o
 .text          0x00000000        0x0 examples/src/adc_basic_example.o
 .data          0x00000000        0x0 examples/src/adc_basic_example.o
 .bss           0x00000000        0x0 examples/src/adc_basic_example.o
 .text.ADC_0_adc_handler_cb
                0x00000000       0x38 examples/src/adc_basic_example.o
 .text.ADC_0_test_adc_basic
                0x00000000       0x54 examples/src/adc_basic_example.o
 .bss.ADC_0_isr_executed
                0x00000000        0x1 examples/src/adc_basic_example.o
 .debug_info    0x00000000      0x1aa examples/src/adc_basic_example.o
 .debug_abbrev  0x00000000       0xc8 examples/src/adc_basic_example.o
 .debug_loc     0x00000000       0x5e examples/src/adc_basic_example.o
 .debug_aranges
                0x00000000       0x28 examples/src/adc_basic_example.o
 .debug_ranges  0x00000000       0x18 examples/src/adc_basic_example.o
 .debug_line    0x00000000      0x12f examples/src/adc_basic_example.o
 .debug_str     0x00000000      0x29c examples/src/adc_basic_example.o
 .comment       0x00000000       0x31 examples/src/adc_basic_example.o
 .debug_frame   0x00000000       0x4c examples/src/adc_basic_example.o
 COMMON         0x00000000        0x3 examples/src/adc_basic_example.o
 .text          0x00000000        0x0 examples/src/i2c_master_example.o
 .data          0x00000000        0x0 examples/src/i2c_master_example.o
 .bss           0x00000000        0x0 examples/src/i2c_master_example.o
 .text.I2C_0_read_handler
                0x00000000       0x1e examples/src/i2c_master_example.o
 .text.I2C_0_do_transfer
                0x00000000       0x60 examples/src/i2c_master_example.o
 .text.I2C_0_test_i2c_master
                0x00000000       0x10 examples/src/i2c_master_example.o
 .debug_info    0x00000000      0x2fd examples/src/i2c_master_example.o
 .debug_abbrev  0x00000000      0x153 examples/src/i2c_master_example.o
 .debug_loc     0x00000000      0x127 examples/src/i2c_master_example.o
 .debug_aranges
                0x00000000       0x30 examples/src/i2c_master_example.o
 .debug_ranges  0x00000000       0x20 examples/src/i2c_master_example.o
 .debug_line    0x00000000      0x156 examples/src/i2c_master_example.o
 .debug_str     0x00000000      0x308 examples/src/i2c_master_example.o
 .comment       0x00000000       0x31 examples/src/i2c_master_example.o
 .debug_frame   0x00000000       0x54 examples/src/i2c_master_example.o
 COMMON         0x00000000        0x2 examples/src/i2c_master_example.o
 .text          0x00000000        0x0 main.o
 .data          0x00000000        0x0 main.o
 .bss           0x00000000        0x0 main.o
 .data.WindowSize
                0x00000000        0x1 main.o
 .data.N        0x00000000        0x2 main.o
 .bss.mid       0x00000000        0x2 main.o
 .text          0x00000000        0x0 src/adc_basic.o
 .data          0x00000000        0x0 src/adc_basic.o
 .bss           0x00000000        0x0 src/adc_basic.o
 .text.ADC_0_enable
                0x00000000        0xc src/adc_basic.o
 .text.ADC_0_disable
                0x00000000        0xc src/adc_basic.o
 .text.ADC_0_get_resolution
                0x00000000        0x4 src/adc_basic.o
 .text.ADC_0_register_callback
                0x00000000        0xa src/adc_basic.o
 .text          0x00000000        0x0 src/driver_init.o
 .data          0x00000000        0x0 src/driver_init.o
 .bss           0x00000000        0x0 src/driver_init.o
 .text.TIMER_0_initialization
                0x00000000        0x6 src/driver_init.o
 .text          0x00000000        0x0 src/exint.o
 .data          0x00000000        0x0 src/exint.o
 .bss           0x00000000        0x0 src/exint.o
 .text          0x00000000        0x0 src/i2c_master.o
 .data          0x00000000        0x0 src/i2c_master.o
 .bss           0x00000000        0x0 src/i2c_master.o
 .text.I2C_0_set_write_collision_callback
                0x00000000        0xc src/i2c_master.o
 .text.I2C_0_set_data_nack_callback
                0x00000000        0xc src/i2c_master.o
 .text.I2C_0_set_timeout_callback
                0x00000000        0xc src/i2c_master.o
 .text.I2C_0_set_address
                0x00000000        0x6 src/i2c_master.o
 .text.I2C_0_set_timeout
                0x00000000       0x1c src/i2c_master.o
 .text.I2C_0_master_read
                0x00000000        0x8 src/i2c_master.o
 .text          0x00000000        0x0 src/i2c_simple_master.o
 .data          0x00000000        0x0 src/i2c_simple_master.o
 .bss           0x00000000        0x0 src/i2c_simple_master.o
 .text.I2C_0_wr2RegCompleteHandler
                0x00000000       0x18 src/i2c_simple_master.o
 .text.I2C_0_rdBlkRegCompleteHandler
                0x00000000       0x1e src/i2c_simple_master.o
 .text.I2C_0_writeNBytes
                0x00000000       0x46 src/i2c_simple_master.o
 .text.I2C_0_write2ByteRegister
                0x00000000       0x60 src/i2c_simple_master.o
 .text.I2C_0_readDataBlock
                0x00000000       0x6a src/i2c_simple_master.o
 .text.I2C_0_readNBytes
                0x00000000       0x3a src/i2c_simple_master.o
 .text          0x00000000        0x0 src/i2c_types.o
 .data          0x00000000        0x0 src/i2c_types.o
 .bss           0x00000000        0x0 src/i2c_types.o
 .text.i2c_cb_return_stop
                0x00000000        0x4 src/i2c_types.o
 .text.i2c_cb_return_reset
                0x00000000        0x4 src/i2c_types.o
 .text.i2c_cb_restart_read
                0x00000000        0x4 src/i2c_types.o
 .text          0x00000000        0x0 src/LIS3DH.o
 .data          0x00000000        0x0 src/LIS3DH.o
 .bss           0x00000000        0x0 src/LIS3DH.o
 .text.LIS3DH_Check
                0x00000000       0x1e src/LIS3DH.o
 .text          0x00000000        0x0 src/LP55231.o
 .data          0x00000000        0x0 src/LP55231.o
 .bss           0x00000000        0x0 src/LP55231.o
 .text.LP55231_init
                0x00000000        0x2 src/LP55231.o
 .text.LP55231_SetLogBrightness
                0x00000000       0x32 src/LP55231.o
 .text.LP55231_SetDriveCurrent
                0x00000000       0x12 src/LP55231.o
 .text.LP55231_Busy
                0x00000000        0xe src/LP55231.o
 .text.LP55231_Reset
                0x00000000        0xc src/LP55231.o
 .text.LP552321_SetFader
                0x00000000       0x2e src/LP55231.o
 .text.LP55231_AddToFader
                0x00000000       0x62 src/LP55231.o
 .text          0x00000000        0x0 src/protected_io.o
 .data          0x00000000        0x0 src/protected_io.o
 .bss           0x00000000        0x0 src/protected_io.o
 .text          0x00000000        0x0 src/tc16.o
 .data          0x00000000        0x0 src/tc16.o
 .bss           0x00000000        0x0 src/tc16.o
 .text          0x00000000        0x0 c:/program files (x86)/atmel/studio/7.0/toolchain/avr8/avr8-gnu-toolchain/bin/../lib/gcc/avr/5.4.0/avr5\libgcc.a(_divmodhi4.o)
 .data          0x00000000        0x0 c:/program files (x86)/atmel/studio/7.0/toolchain/avr8/avr8-gnu-toolchain/bin/../lib/gcc/avr/5.4.0/avr5\libgcc.a(_divmodhi4.o)
 .bss           0x00000000        0x0 c:/program files (x86)/atmel/studio/7.0/toolchain/avr8/avr8-gnu-toolchain/bin/../lib/gcc/avr/5.4.0/avr5\libgcc.a(_divmodhi4.o)
 .text.libgcc.mul
                0x00000000        0x0 c:/program files (x86)/atmel/studio/7.0/toolchain/avr8/avr8-gnu-toolchain/bin/../lib/gcc/avr/5.4.0/avr5\libgcc.a(_divmodhi4.o)
 .text.libgcc.div
                0x00000000       0x28 c:/program files (x86)/atmel/studio/7.0/toolchain/avr8/avr8-gnu-toolchain/bin/../lib/gcc/avr/5.4.0/avr5\libgcc.a(_divmodhi4.o)
 .text.libgcc   0x00000000        0x0 c:/program files (x86)/atmel/studio/7.0/toolchain/avr8/avr8-gnu-toolchain/bin/../lib/gcc/avr/5.4.0/avr5\libgcc.a(_divmodhi4.o)
 .text.libgcc.prologue
                0x00000000        0x0 c:/program files (x86)/atmel/studio/7.0/toolchain/avr8/avr8-gnu-toolchain/bin/../lib/gcc/avr/5.4.0/avr5\libgcc.a(_divmodhi4.o)
 .text.libgcc.builtins
                0x00000000        0x0 c:/program files (x86)/atmel/studio/7.0/toolchain/avr8/avr8-gnu-toolchain/bin/../lib/gcc/avr/5.4.0/avr5\libgcc.a(_divmodhi4.o)
 .text.libgcc.fmul
                0x00000000        0x0 c:/program files (x86)/atmel/studio/7.0/toolchain/avr8/avr8-gnu-toolchain/bin/../lib/gcc/avr/5.4.0/avr5\libgcc.a(_divmodhi4.o)
 .text.libgcc.fixed
                0x00000000        0x0 c:/program files (x86)/atmel/studio/7.0/toolchain/avr8/avr8-gnu-toolchain/bin/../lib/gcc/avr/5.4.0/avr5\libgcc.a(_divmodhi4.o)
 .text          0x00000000        0x0 c:/program files (x86)/atmel/studio/7.0/toolchain/avr8/avr8-gnu-toolchain/bin/../lib/gcc/avr/5.4.0/avr5\libgcc.a(_exit.o)
 .data          0x00000000        0x0 c:/program files (x86)/atmel/studio/7.0/toolchain/avr8/avr8-gnu-toolchain/bin/../lib/gcc/avr/5.4.0/avr5\libgcc.a(_exit.o)
 .bss           0x00000000        0x0 c:/program files (x86)/atmel/studio/7.0/toolchain/avr8/avr8-gnu-toolchain/bin/../lib/gcc/avr/5.4.0/avr5\libgcc.a(_exit.o)
 .text.libgcc.mul
                0x00000000        0x0 c:/program files (x86)/atmel/studio/7.0/toolchain/avr8/avr8-gnu-toolchain/bin/../lib/gcc/avr/5.4.0/avr5\libgcc.a(_exit.o)
 .text.libgcc.div
                0x00000000        0x0 c:/program files (x86)/atmel/studio/7.0/toolchain/avr8/avr8-gnu-toolchain/bin/../lib/gcc/avr/5.4.0/avr5\libgcc.a(_exit.o)
 .text.libgcc   0x00000000        0x0 c:/program files (x86)/atmel/studio/7.0/toolchain/avr8/avr8-gnu-toolchain/bin/../lib/gcc/avr/5.4.0/avr5\libgcc.a(_exit.o)
 .text.libgcc.prologue
                0x00000000        0x0 c:/program files (x86)/atmel/studio/7.0/toolchain/avr8/avr8-gnu-toolchain/bin/../lib/gcc/avr/5.4.0/avr5\libgcc.a(_exit.o)
 .text.libgcc.builtins
                0x00000000        0x0 c:/program files (x86)/atmel/studio/7.0/toolchain/avr8/avr8-gnu-toolchain/bin/../lib/gcc/avr/5.4.0/avr5\libgcc.a(_exit.o)
 .text.libgcc.fmul
                0x00000000        0x0 c:/program files (x86)/atmel/studio/7.0/toolchain/avr8/avr8-gnu-toolchain/bin/../lib/gcc/avr/5.4.0/avr5\libgcc.a(_exit.o)
 .text.libgcc.fixed
                0x00000000        0x0 c:/program files (x86)/atmel/studio/7.0/toolchain/avr8/avr8-gnu-toolchain/bin/../lib/gcc/avr/5.4.0/avr5\libgcc.a(_exit.o)
 .text          0x00000000        0x0 c:/program files (x86)/atmel/studio/7.0/toolchain/avr8/avr8-gnu-toolchain/bin/../lib/gcc/avr/5.4.0/avr5\libgcc.a(_copy_data.o)
 .data          0x00000000        0x0 c:/program files (x86)/atmel/studio/7.0/toolchain/avr8/avr8-gnu-toolchain/bin/../lib/gcc/avr/5.4.0/avr5\libgcc.a(_copy_data.o)
 .bss           0x00000000        0x0 c:/program files (x86)/atmel/studio/7.0/toolchain/avr8/avr8-gnu-toolchain/bin/../lib/gcc/avr/5.4.0/avr5\libgcc.a(_copy_data.o)
 .text.libgcc.mul
                0x00000000        0x0 c:/program files (x86)/atmel/studio/7.0/toolchain/avr8/avr8-gnu-toolchain/bin/../lib/gcc/avr/5.4.0/avr5\libgcc.a(_copy_data.o)
 .text.libgcc.div
                0x00000000        0x0 c:/program files (x86)/atmel/studio/7.0/toolchain/avr8/avr8-gnu-toolchain/bin/../lib/gcc/avr/5.4.0/avr5\libgcc.a(_copy_data.o)
 .text.libgcc   0x00000000        0x0 c:/program files (x86)/atmel/studio/7.0/toolchain/avr8/avr8-gnu-toolchain/bin/../lib/gcc/avr/5.4.0/avr5\libgcc.a(_copy_data.o)
 .text.libgcc.prologue
                0x00000000        0x0 c:/program files (x86)/atmel/studio/7.0/toolchain/avr8/avr8-gnu-toolchain/bin/../lib/gcc/avr/5.4.0/avr5\libgcc.a(_copy_data.o)
 .text.libgcc.builtins
                0x00000000        0x0 c:/program files (x86)/atmel/studio/7.0/toolchain/avr8/avr8-gnu-toolchain/bin/../lib/gcc/avr/5.4.0/avr5\libgcc.a(_copy_data.o)
 .text.libgcc.fmul
                0x00000000        0x0 c:/program files (x86)/atmel/studio/7.0/toolchain/avr8/avr8-gnu-toolchain/bin/../lib/gcc/avr/5.4.0/avr5\libgcc.a(_copy_data.o)
 .text.libgcc.fixed
                0x00000000        0x0 c:/program files (x86)/atmel/studio/7.0/toolchain/avr8/avr8-gnu-toolchain/bin/../lib/gcc/avr/5.4.0/avr5\libgcc.a(_copy_data.o)
 .text          0x00000000        0x0 c:/program files (x86)/atmel/studio/7.0/toolchain/avr8/avr8-gnu-toolchain/bin/../lib/gcc/avr/5.4.0/avr5\libgcc.a(_clear_bss.o)
 .data          0x00000000        0x0 c:/program files (x86)/atmel/studio/7.0/toolchain/avr8/avr8-gnu-toolchain/bin/../lib/gcc/avr/5.4.0/avr5\libgcc.a(_clear_bss.o)
 .bss           0x00000000        0x0 c:/program files (x86)/atmel/studio/7.0/toolchain/avr8/avr8-gnu-toolchain/bin/../lib/gcc/avr/5.4.0/avr5\libgcc.a(_clear_bss.o)
 .text.libgcc.mul
                0x00000000        0x0 c:/program files (x86)/atmel/studio/7.0/toolchain/avr8/avr8-gnu-toolchain/bin/../lib/gcc/avr/5.4.0/avr5\libgcc.a(_clear_bss.o)
 .text.libgcc.div
                0x00000000        0x0 c:/program files (x86)/atmel/studio/7.0/toolchain/avr8/avr8-gnu-toolchain/bin/../lib/gcc/avr/5.4.0/avr5\libgcc.a(_clear_bss.o)
 .text.libgcc   0x00000000        0x0 c:/program files (x86)/atmel/studio/7.0/toolchain/avr8/avr8-gnu-toolchain/bin/../lib/gcc/avr/5.4.0/avr5\libgcc.a(_clear_bss.o)
 .text.libgcc.prologue
                0x00000000        0x0 c:/program files (x86)/atmel/studio/7.0/toolchain/avr8/avr8-gnu-toolchain/bin/../lib/gcc/avr/5.4.0/avr5\libgcc.a(_clear_bss.o)
 .text.libgcc.builtins
                0x00000000        0x0 c:/program files (x86)/atmel/studio/7.0/toolchain/avr8/avr8-gnu-toolchain/bin/../lib/gcc/avr/5.4.0/avr5\libgcc.a(_clear_bss.o)
 .text.libgcc.fmul
                0x00000000        0x0 c:/program files (x86)/atmel/studio/7.0/toolchain/avr8/avr8-gnu-toolchain/bin/../lib/gcc/avr/5.4.0/avr5\libgcc.a(_clear_bss.o)
 .text.libgcc.fixed
                0x00000000        0x0 c:/program files (x86)/atmel/studio/7.0/toolchain/avr8/avr8-gnu-toolchain/bin/../lib/gcc/avr/5.4.0/avr5\libgcc.a(_clear_bss.o)
 .text          0x00000000        0x0 c:/program files (x86)/atmel/studio/7.0/toolchain/avr8/avr8-gnu-toolchain/bin/../lib/gcc/avr/5.4.0/avr5\libgcc.a(_umulhisi3.o)
 .data          0x00000000        0x0 c:/program files (x86)/atmel/studio/7.0/toolchain/avr8/avr8-gnu-toolchain/bin/../lib/gcc/avr/5.4.0/avr5\libgcc.a(_umulhisi3.o)
 .bss           0x00000000        0x0 c:/program files (x86)/atmel/studio/7.0/toolchain/avr8/avr8-gnu-toolchain/bin/../lib/gcc/avr/5.4.0/avr5\libgcc.a(_umulhisi3.o)
 .text.libgcc.div
                0x00000000        0x0 c:/program files (x86)/atmel/studio/7.0/toolchain/avr8/avr8-gnu-toolchain/bin/../lib/gcc/avr/5.4.0/avr5\libgcc.a(_umulhisi3.o)
 .text.libgcc   0x00000000        0x0 c:/program files (x86)/atmel/studio/7.0/toolchain/avr8/avr8-gnu-toolchain/bin/../lib/gcc/avr/5.4.0/avr5\libgcc.a(_umulhisi3.o)
 .text.libgcc.prologue
                0x00000000        0x0 c:/program files (x86)/atmel/studio/7.0/toolchain/avr8/avr8-gnu-toolchain/bin/../lib/gcc/avr/5.4.0/avr5\libgcc.a(_umulhisi3.o)
 .text.libgcc.builtins
                0x00000000        0x0 c:/program files (x86)/atmel/studio/7.0/toolchain/avr8/avr8-gnu-toolchain/bin/../lib/gcc/avr/5.4.0/avr5\libgcc.a(_umulhisi3.o)
 .text.libgcc.fmul
                0x00000000        0x0 c:/program files (x86)/atmel/studio/7.0/toolchain/avr8/avr8-gnu-toolchain/bin/../lib/gcc/avr/5.4.0/avr5\libgcc.a(_umulhisi3.o)
 .text.libgcc.fixed
                0x00000000        0x0 c:/program files (x86)/atmel/studio/7.0/toolchain/avr8/avr8-gnu-toolchain/bin/../lib/gcc/avr/5.4.0/avr5\libgcc.a(_umulhisi3.o)
 .text          0x00000000        0x0 c:/program files (x86)/atmel/studio/7.0/toolchain/avr8/avr8-gnu-toolchain/bin/../lib/gcc/avr/5.4.0/avr5\libgcc.a(_udivmodhi4.o)
 .data          0x00000000        0x0 c:/program files (x86)/atmel/studio/7.0/toolchain/avr8/avr8-gnu-toolchain/bin/../lib/gcc/avr/5.4.0/avr5\libgcc.a(_udivmodhi4.o)
 .bss           0x00000000        0x0 c:/program files (x86)/atmel/studio/7.0/toolchain/avr8/avr8-gnu-toolchain/bin/../lib/gcc/avr/5.4.0/avr5\libgcc.a(_udivmodhi4.o)
 .text.libgcc.mul
                0x00000000        0x0 c:/program files (x86)/atmel/studio/7.0/toolchain/avr8/avr8-gnu-toolchain/bin/../lib/gcc/avr/5.4.0/avr5\libgcc.a(_udivmodhi4.o)
 .text.libgcc.div
                0x00000000       0x28 c:/program files (x86)/atmel/studio/7.0/toolchain/avr8/avr8-gnu-toolchain/bin/../lib/gcc/avr/5.4.0/avr5\libgcc.a(_udivmodhi4.o)
 .text.libgcc   0x00000000        0x0 c:/program files (x86)/atmel/studio/7.0/toolchain/avr8/avr8-gnu-toolchain/bin/../lib/gcc/avr/5.4.0/avr5\libgcc.a(_udivmodhi4.o)
 .text.libgcc.prologue
                0x00000000        0x0 c:/program files (x86)/atmel/studio/7.0/toolchain/avr8/avr8-gnu-toolchain/bin/../lib/gcc/avr/5.4.0/avr5\libgcc.a(_udivmodhi4.o)
 .text.libgcc.builtins
                0x00000000        0x0 c:/program files (x86)/atmel/studio/7.0/toolchain/avr8/avr8-gnu-toolchain/bin/../lib/gcc/avr/5.4.0/avr5\libgcc.a(_udivmodhi4.o)
 .text.libgcc.fmul
                0x00000000        0x0 c:/program files (x86)/atmel/studio/7.0/toolchain/avr8/avr8-gnu-toolchain/bin/../lib/gcc/avr/5.4.0/avr5\libgcc.a(_udivmodhi4.o)
 .text.libgcc.fixed
                0x00000000        0x0 c:/program files (x86)/atmel/studio/7.0/toolchain/avr8/avr8-gnu-toolchain/bin/../lib/gcc/avr/5.4.0/avr5\libgcc.a(_udivmodhi4.o)

Memory Configuration

Name             Origin             Length             Attributes
text             0x00000000         0x00020000         xr
data             0x00800060         0x0000ffa0         rw !x
eeprom           0x00810000         0x00010000         rw !x
fuse             0x00820000         0x00000003         rw !x
lock             0x00830000         0x00000400         rw !x
signature        0x00840000         0x00000400         rw !x
user_signatures  0x00850000         0x00000400         rw !x
*default*        0x00000000         0xffffffff

Linker script and memory map

Address of section .data set to 0x800100
LOAD C:/Program Files (x86)/Atmel/Studio/7.0/Packs/Atmel/ATmega_DFP/1.3.300/gcc/dev/atmega328pb/avr5/crtatmega328pb.o
LOAD atmel_start.o
LOAD driver_isr.o
LOAD examples/src/adc_basic_example.o
LOAD examples/src/i2c_master_example.o
LOAD main.o
LOAD src/adc_basic.o
LOAD src/driver_init.o
LOAD src/exint.o
LOAD src/i2c_master.o
LOAD src/i2c_simple_master.o
LOAD src/i2c_types.o
LOAD src/LIS3DH.o
LOAD src/LP55231.o
LOAD src/protected_io.o
LOAD src/tc16.o
START GROUP
LOAD c:/program files (x86)/atmel/studio/7.0/toolchain/avr8/avr8-gnu-toolchain/bin/../lib/gcc/avr/5.4.0/../../../../avr/lib/avr5\libm.a
END GROUP
START GROUP
LOAD c:/program files (x86)/atmel/studio/7.0/toolchain/avr8/avr8-gnu-toolchain/bin/../lib/gcc/avr/5.4.0/avr5\libgcc.a
LOAD c:/program files (x86)/atmel/studio/7.0/toolchain/avr8/avr8-gnu-toolchain/bin/../lib/gcc/avr/5.4.0/../../../../avr/lib/avr5\libm.a
LOAD c:/program files (x86)/atmel/studio/7.0/toolchain/avr8/avr8-gnu-toolchain/bin/../lib/gcc/avr/5.4.0/../../../../avr/lib/avr5\libc.a
LOAD C:/Program Files (x86)/Atmel/Studio/7.0/Packs/Atmel/ATmega_DFP/1.3.300/gcc/dev/atmega328pb/avr5\libatmega328pb.a
END GROUP
                0x00020000                __TEXT_REGION_LENGTH__ = DEFINED (__TEXT_REGION_LENGTH__)?__TEXT_REGION_LENGTH__:0x20000
                0x0000ffa0                __DATA_REGION_LENGTH__ = DEFINED (__DATA_REGION_LENGTH__)?__DATA_REGION_LENGTH__:0xffa0
                0x00010000                __EEPROM_REGION_LENGTH__ = DEFINED (__EEPROM_REGION_LENGTH__)?__EEPROM_REGION_LENGTH__:0x10000
                [0x00000003]                __FUSE_REGION_LENGTH__ = DEFINED (__FUSE_REGION_LENGTH__)?__FUSE_REGION_LENGTH__:0x400
                0x00000400                __LOCK_REGION_LENGTH__ = DEFINED (__LOCK_REGION_LENGTH__)?__LOCK_REGION_LENGTH__:0x400
                0x00000400                __SIGNATURE_REGION_LENGTH__ = DEFINED (__SIGNATURE_REGION_LENGTH__)?__SIGNATURE_REGION_LENGTH__:0x400
                0x00000400                __USER_SIGNATURE_REGION_LENGTH__ = DEFINED (__USER_SIGNATURE_REGION_LENGTH__)?__USER_SIGNATURE_REGION_LENGTH__:0x400

.hash
 *(.hash)

.dynsym
 *(.dynsym)

.dynstr
 *(.dynstr)

.gnu.version
 *(.gnu.version)

.gnu.version_d
 *(.gnu.version_d)

.gnu.version_r
 *(.gnu.version_r)

.rel.init
 *(.rel.init)

.rela.init
 *(.rela.init)

.rel.text
 *(.rel.text)
 *(.rel.text.*)
 *(.rel.gnu.linkonce.t*)

.rela.text
 *(.rela.text)
 *(.rela.text.*)
 *(.rela.gnu.linkonce.t*)

.rel.fini
 *(.rel.fini)

.rela.fini
 *(.rela.fini)

.rel.rodata
 *(.rel.rodata)
 *(.rel.rodata.*)
 *(.rel.gnu.linkonce.r*)

.rela.rodata
 *(.rela.rodata)
 *(.rela.rodata.*)
 *(.rela.gnu.linkonce.r*)

.rel.data
 *(.rel.data)
 *(.rel.data.*)
 *(.rel.gnu.linkonce.d*)

.rela.data
 *(.rela.data)
 *(.rela.data.*)
 *(.rela.gnu.linkonce.d*)

.rel.ctors
 *(.rel.ctors)

.rela.ctors
 *(.rela.ctors)

.rel.dtors
 *(.rel.dtors)

.rela.dtors
 *(.rela.dtors)

.rel.got
 *(.rel.got)

.rela.got
 *(.rela.got)

.rel.bss
 *(.rel.bss)

.rela.bss
 *(.rela.bss)

.rel.plt
 *(.rel.plt)

.rela.plt
 *(.rela.plt)

.text           0x00000000     0x1404
 *(.vectors)
 .vectors       0x00000000       0xb4 C:/Program Files (x86)/Atmel/Studio/7.0/Packs/Atmel/ATmega_DFP/1.3.300/gcc/dev/atmega328pb/avr5/crtatmega328pb.o
                0x00000000                __vector_default
                0x00000000                __vectors
 *(.vectors)
 *(.progmem.gcc*)
                0x000000b4                . = ALIGN (0x2)
                0x000000b4                __trampolines_start = .
 *(.trampolines)
 .trampolines   0x000000b4        0x0 linker stubs
 *(.trampolines*)
                0x000000b4                __trampolines_end = .
 *libprintf_flt.a:*(.progmem.data)
 *libc.a:*(.progmem.data)
 *(.progmem*)
                0x000000b4                . = ALIGN (0x2)
 *(.jumptables)
 *(.jumptables*)
 *(.lowtext)
 *(.lowtext*)
                0x000000b4                __ctors_start = .
 *(.ctors)
                0x000000b4                __ctors_end = .
                0x000000b4                __dtors_start = .
 *(.dtors)
                0x000000b4                __dtors_end = .
 SORT(*)(.ctors)
 SORT(*)(.dtors)
 *(.init0)
 .init0         0x000000b4        0x0 C:/Program Files (x86)/Atmel/Studio/7.0/Packs/Atmel/ATmega_DFP/1.3.300/gcc/dev/atmega328pb/avr5/crtatmega328pb.o
                0x000000b4                __init
 *(.init0)
 *(.init1)
 *(.init1)
 *(.init2)
 .init2         0x000000b4        0xc C:/Program Files (x86)/Atmel/Studio/7.0/Packs/Atmel/ATmega_DFP/1.3.300/gcc/dev/atmega328pb/avr5/crtatmega328pb.o
 *(.init2)
 *(.init3)
 *(.init3)
 *(.init4)
 .init4         0x000000c0       0x16 c:/program files (x86)/atmel/studio/7.0/toolchain/avr8/avr8-gnu-toolchain/bin/../lib/gcc/avr/5.4.0/avr5\libgcc.a(_copy_data.o)
                0x000000c0                __do_copy_data
 .init4         0x000000d6       0x10 c:/program files (x86)/atmel/studio/7.0/toolchain/avr8/avr8-gnu-toolchain/bin/../lib/gcc/avr/5.4.0/avr5\libgcc.a(_clear_bss.o)
                0x000000d6                __do_clear_bss
 *(.init4)
 *(.init5)
 *(.init5)
 *(.init6)
 *(.init6)
 *(.init7)
 *(.init7)
 *(.init8)
 *(.init8)
 *(.init9)
 .init9         0x000000e6        0x8 C:/Program Files (x86)/Atmel/Studio/7.0/Packs/Atmel/ATmega_DFP/1.3.300/gcc/dev/atmega328pb/avr5/crtatmega328pb.o
 *(.init9)
 *(.text)
 .text          0x000000ee        0x4 C:/Program Files (x86)/Atmel/Studio/7.0/Packs/Atmel/ATmega_DFP/1.3.300/gcc/dev/atmega328pb/avr5/crtatmega328pb.o
                0x000000ee                __vector_38
                0x000000ee                __vector_22
                0x000000ee                __vector_28
                0x000000ee                __vector_1
                0x000000ee                __vector_32
                0x000000ee                __vector_34
                0x000000ee                __vector_12
                0x000000ee                __bad_interrupt
                0x000000ee                __vector_6
                0x000000ee                __vector_31
                0x000000ee                __vector_35
                0x000000ee                __vector_39
                0x000000ee                __vector_3
                0x000000ee                __vector_23
                0x000000ee                __vector_30
                0x000000ee                __vector_25
                0x000000ee                __vector_13
                0x000000ee                __vector_17
                0x000000ee                __vector_19
                0x000000ee                __vector_7
                0x000000ee                __vector_41
                0x000000ee                __vector_43
                0x000000ee                __vector_27
                0x000000ee                __vector_33
                0x000000ee                __vector_37
                0x000000ee                __vector_44
                0x000000ee                __vector_9
                0x000000ee                __vector_2
                0x000000ee                __vector_15
                0x000000ee                __vector_36
                0x000000ee                __vector_29
                0x000000ee                __vector_40
                0x000000ee                __vector_8
                0x000000ee                __vector_26
                0x000000ee                __vector_14
                0x000000ee                __vector_10
                0x000000ee                __vector_16
                0x000000ee                __vector_18
                0x000000ee                __vector_20
                0x000000ee                __vector_42
                0x000000f2                . = ALIGN (0x2)
 *(.text.*)
 .text.atmel_start_init
                0x000000f2        0x6 atmel_start.o
                0x000000f2                atmel_start_init
 .text.__vector_5
                0x000000f8       0x14 driver_isr.o
                0x000000f8                __vector_5
 .text.__vector_4
                0x0000010c       0x2c driver_isr.o
                0x0000010c                __vector_4
 .text.__vector_11
                0x00000138       0x5a driver_isr.o
                0x00000138                __vector_11
 .text.MovingAverage
                0x00000192       0xcc main.o
                0x00000192                MovingAverage
 .text.main     0x0000025e      0x428 main.o
                0x0000025e                main
 .text.ADC_0_init
                0x00000686       0x24 src/adc_basic.o
                0x00000686                ADC_0_init
 .text.ADC_0_start_conversion
                0x000006aa       0x1c src/adc_basic.o
                0x000006aa                ADC_0_start_conversion
 .text.ADC_0_is_conversion_done
                0x000006c6        0xa src/adc_basic.o
                0x000006c6                ADC_0_is_conversion_done
 .text.ADC_0_get_conversion_result
                0x000006d0        0xe src/adc_basic.o
                0x000006d0                ADC_0_get_conversion_result
 .text.ADC_0_get_conversion
                0x000006de       0x1c src/adc_basic.o
                0x000006de                ADC_0_get_conversion
 .text.__vector_21
                0x000006fa       0x52 src/adc_basic.o
                0x000006fa                __vector_21
 .text.EXTERNAL_IRQ_0_initialization
                0x0000074c       0x12 src/driver_init.o
                0x0000074c                EXTERNAL_IRQ_0_initialization
 .text.ADC_0_initialization
                0x0000075e        0xa src/driver_init.o
                0x0000075e                ADC_0_initialization
 .text.I2C_0_initialization
                0x00000768       0x12 src/driver_init.o
                0x00000768                I2C_0_initialization
 .text.system_init
                0x0000077a       0x66 src/driver_init.o
                0x0000077a                system_init
 .text.EXTERNAL_IRQ_0_init
                0x000007e0       0x16 src/exint.o
                0x000007e0                EXTERNAL_IRQ_0_init
 .text.I2C_0_do_I2C_RESET
                0x000007f6       0x16 src/i2c_master.o
 .text.I2C_0_do_I2C_IDLE
                0x0000080c       0x10 src/i2c_master.o
 .text.I2C_0_do_I2C_SEND_RESTART_READ
                0x0000081c        0xe src/i2c_master.o
 .text.I2C_0_do_I2C_SEND_RESTART_WRITE
                0x0000082a        0xe src/i2c_master.o
 .text.I2C_0_do_I2C_SEND_RESTART
                0x00000838        0xe src/i2c_master.o
 .text.I2C_0_do_I2C_SEND_ADR_READ
                0x00000846       0x3a src/i2c_master.o
 .text.I2C_0_do_I2C_SEND_ADR_WRITE
                0x00000880       0x38 src/i2c_master.o
 .text.I2C_0_do_I2C_DO_NACK_RESTART
                0x000008b8        0xe src/i2c_master.o
 .text.I2C_0_do_I2C_BUS_COLLISION
                0x000008c6       0x3a src/i2c_master.o
 .text.I2C_0_do_I2C_BUS_ERROR
                0x00000900       0x18 src/i2c_master.o
 .text.I2C_0_return_stop
                0x00000918        0x4 src/i2c_master.o
 .text.I2C_0_return_reset
                0x0000091c        0x4 src/i2c_master.o
 .text.I2C_0_set_callback
                0x00000920       0x4a src/i2c_master.o
 .text.I2C_0_do_I2C_DO_NACK_STOP
                0x0000096a       0x1a src/i2c_master.o
 .text.I2C_0_do_I2C_RX
                0x00000984       0xbe src/i2c_master.o
 .text.I2C_0_do_I2C_SEND_STOP
                0x00000a42       0x1a src/i2c_master.o
 .text.I2C_0_do_I2C_DO_ADDRESS_NACK
                0x00000a5c       0x3a src/i2c_master.o
 .text.I2C_0_do_I2C_RX_DO_ACK
                0x00000a96       0x38 src/i2c_master.o
 .text.I2C_0_do_I2C_TX_DO_ACK
                0x00000ace       0x14 src/i2c_master.o
 .text.I2C_0_do_I2C_TX
                0x00000ae2       0x86 src/i2c_master.o
 .text.I2C_0_do_I2C_TX_EMPTY
                0x00000b68       0x90 src/i2c_master.o
 .text.I2C_0_set_data_complete_callback
                0x00000bf8        0xc src/i2c_master.o
                0x00000bf8                I2C_0_set_data_complete_callback
 .text.I2C_0_set_address_nack_callback
                0x00000c04        0xc src/i2c_master.o
                0x00000c04                I2C_0_set_address_nack_callback
 .text.I2C_0_init
                0x00000c10       0x1c src/i2c_master.o
                0x00000c10                I2C_0_init
 .text.I2C_0_open
                0x00000c2c       0x6e src/i2c_master.o
                0x00000c2c                I2C_0_open
 .text.I2C_0_close
                0x00000c9a       0x2c src/i2c_master.o
                0x00000c9a                I2C_0_close
 .text.I2C_0_set_buffer
                0x00000cc6       0x1e src/i2c_master.o
                0x00000cc6                I2C_0_set_buffer
 .text.I2C_0_master_operation
                0x00000ce4       0x34 src/i2c_master.o
                0x00000ce4                I2C_0_master_operation
 .text.I2C_0_master_write
                0x00000d18        0x8 src/i2c_master.o
                0x00000d18                I2C_0_master_write
 .text.__vector_24
                0x00000d20       0x94 src/i2c_master.o
                0x00000d20                __vector_24
 .text.I2C_0_wr1RegCompleteHandler
                0x00000db4       0x18 src/i2c_simple_master.o
 .text.I2C_0_rd1RegCompleteHandler
                0x00000dcc       0x18 src/i2c_simple_master.o
 .text.I2C_0_rd2RegCompleteHandler
                0x00000de4       0x18 src/i2c_simple_master.o
 .text.I2C_0_write1ByteRegister
                0x00000dfc       0x5a src/i2c_simple_master.o
                0x00000dfc                I2C_0_write1ByteRegister
 .text.I2C_0_read1ByteRegister
                0x00000e56       0x7a src/i2c_simple_master.o
                0x00000e56                I2C_0_read1ByteRegister
 .text.I2C_0_read2ByteRegister
                0x00000ed0       0x66 src/i2c_simple_master.o
                0x00000ed0                I2C_0_read2ByteRegister
 .text.i2c_cb_restart_write
                0x00000f36        0x4 src/i2c_types.o
                0x00000f36                i2c_cb_restart_write
 .text.LIS3DH_EnAxis
                0x00000f3a        0xc src/LIS3DH.o
                0x00000f3a                LIS3DH_EnAxis
 .text.LIS3DH_SetDataRate
                0x00000f46       0x26 src/LIS3DH.o
                0x00000f46                LIS3DH_SetDataRate
 .text.LIS3DH_SetRange
                0x00000f6c       0x26 src/LIS3DH.o
                0x00000f6c                LIS3DH_SetRange
 .text.LIS3DH_init
                0x00000f92       0x12 src/LIS3DH.o
                0x00000f92                LIS3DH_init
 .text.LIS3DH_ReadX
                0x00000fa4       0x10 src/LIS3DH.o
                0x00000fa4                LIS3DH_ReadX
 .text.LIS3DH_ReadY
                0x00000fb4       0x10 src/LIS3DH.o
                0x00000fb4                LIS3DH_ReadY
 .text.LIS3DH_ReadZ
                0x00000fc4       0x10 src/LIS3DH.o
                0x00000fc4                LIS3DH_ReadZ
 .text.LP55231_Enable
                0x00000fd4       0x4a src/LP55231.o
                0x00000fd4                LP55231_Enable
 .text.LP55231_SetPWM
                0x0000101e       0x2e src/LP55231.o
                0x0000101e                LP55231_SetPWM
 .text.LP55231_WaitForBusy
                0x0000104c       0x24 src/LP55231.o
                0x0000104c                LP55231_WaitForBusy
 .text.LP55231_LoadProgram
                0x00001070       0xf4 src/LP55231.o
                0x00001070                LP55231_LoadProgram
 .text.LP55231_SetEngineModeFree
                0x00001164       0x6e src/LP55231.o
                0x00001164                LP55231_SetEngineModeFree
 .text.LP55231_SetEngineRunning
                0x000011d2       0x48 src/LP55231.o
                0x000011d2                LP55231_SetEngineRunning
 .text.LeftTurn
                0x0000121a       0x18 src/LP55231.o
                0x0000121a                LeftTurn
 .text.RightTurn
                0x00001232       0x18 src/LP55231.o
                0x00001232                RightTurn
 .text.NoTurn   0x0000124a       0x18 src/LP55231.o
                0x0000124a                NoTurn
 .text.LP55231_Clear
                0x00001262       0x1c src/LP55231.o
                0x00001262                LP55231_Clear
 .text.BatteryCheck
                0x0000127e      0x128 src/LP55231.o
                0x0000127e                BatteryCheck
 .text.protected_write_io
                0x000013a6        0xe src/protected_io.o
                0x000013a6                protected_write_io
 .text.TIMER_0_init
                0x000013b4       0x2e src/tc16.o
                0x000013b4                TIMER_0_init
 .text.libgcc.mul
                0x000013e2       0x1e c:/program files (x86)/atmel/studio/7.0/toolchain/avr8/avr8-gnu-toolchain/bin/../lib/gcc/avr/5.4.0/avr5\libgcc.a(_umulhisi3.o)
                0x000013e2                __umulhisi3
                0x00001400                . = ALIGN (0x2)
 *(.fini9)
 .fini9         0x00001400        0x0 c:/program files (x86)/atmel/studio/7.0/toolchain/avr8/avr8-gnu-toolchain/bin/../lib/gcc/avr/5.4.0/avr5\libgcc.a(_exit.o)
                0x00001400                _exit
                0x00001400                exit
 *(.fini9)
 *(.fini8)
 *(.fini8)
 *(.fini7)
 *(.fini7)
 *(.fini6)
 *(.fini6)
 *(.fini5)
 *(.fini5)
 *(.fini4)
 *(.fini4)
 *(.fini3)
 *(.fini3)
 *(.fini2)
 *(.fini2)
 *(.fini1)
 *(.fini1)
 *(.fini0)
 .fini0         0x00001400        0x4 c:/program files (x86)/atmel/studio/7.0/toolchain/avr8/avr8-gnu-toolchain/bin/../lib/gcc/avr/5.4.0/avr5\libgcc.a(_exit.o)
 *(.fini0)
                0x00001404                _etext = .

.data           0x00800100      0x12e load address 0x00001404
                0x00800100                PROVIDE (__data_start, .)
 *(.data)
 *(.data*)
 .data.neg      0x00800100        0x2 main.o
                0x00800100                neg
 .data.pos      0x00800102        0x2 main.o
                0x00800102                pos
 .data.range    0x00800104        0x2 main.o
                0x00800104                range
 .data.z_on     0x00800106        0x2 main.o
                0x00800106                z_on
 .data.hyst     0x00800108        0x2 main.o
                0x00800108                hyst
 .data.I2C_0_fsmStateTable
                0x0080010a       0x24 src/i2c_master.o
                0x0080010a                I2C_0_fsmStateTable
 *(.gnu.linkonce.d*)
 *(.rodata)
 *(.rodata*)
 .rodata.program7
                0x0080012e       0x40 src/LP55231.o
 .rodata.program3
                0x0080016e       0x40 src/LP55231.o
 .rodata.program2
                0x008001ae       0x40 src/LP55231.o
 .rodata.program1
                0x008001ee       0x40 src/LP55231.o
 *(.gnu.linkonce.r*)
                0x0080022e                . = ALIGN (0x2)
                0x0080022e                _edata = .
                0x0080022e                PROVIDE (__data_end, .)

.bss            0x0080022e       0x42
                0x0080022e                PROVIDE (__bss_start, .)
 *(.bss)
 *(.bss*)
 .bss.ADC_0_cb  0x0080022e        0x2 src/adc_basic.o
                0x0080022e                ADC_0_cb
 .bss.I2C_0_status
                0x00800230       0x24 src/i2c_master.o
                0x00800230                I2C_0_status
 *(COMMON)
 COMMON         0x00800254       0x1a driver_isr.o
                0x00800254                t
                0x00800255                n_flag
                0x00800256                hyst_flag
                0x00800257                x
                0x00800259                b_flag
                0x0080025a                TimerCount
                0x0080025b                PushFlag
                0x0080025c                button_count
                0x0080025d                z
                0x0080025f                Stat
                0x00800260                l_flag
                0x00800261                y
                0x00800263                count
                0x00800265                timer_flag
                0x00800266                startup_flag
                0x00800267                battery_flag
                0x00800268                battery
                0x0080026a                r_flag
                0x0080026b                m
                0x0080026d                charge
 COMMON         0x0080026e        0x2 main.o
                0x0080026e                z_trigger
                0x00800270                PROVIDE (__bss_end, .)
                0x00001404                __data_load_start = LOADADDR (.data)
                0x00001532                __data_load_end = (__data_load_start + SIZEOF (.data))

.noinit         0x00800270        0x0
                [!provide]                PROVIDE (__noinit_start, .)
 *(.noinit*)
                [!provide]                PROVIDE (__noinit_end, .)
                0x00800270                _end = .
                [!provide]                PROVIDE (__heap_start, .)

.eeprom         0x00810000        0x0
 *(.eeprom*)
                0x00810000                __eeprom_end = .

.fuse
 *(.fuse)
 *(.lfuse)
 *(.hfuse)
 *(.efuse)

.lock
 *(.lock*)

.signature
 *(.signature*)

.user_signatures
 *(.user_signatures*)

.stab
 *(.stab)

.stabstr
 *(.stabstr)

.stab.excl
 *(.stab.excl)

.stab.exclstr
 *(.stab.exclstr)

.stab.index
 *(.stab.index)

.stab.indexstr
 *(.stab.indexstr)

.comment        0x00000000       0x30
 *(.comment)
 .comment       0x00000000       0x30 atmel_start.o
                                 0x31 (size before relaxing)
 .comment       0x00000030       0x31 driver_isr.o
 .comment       0x00000030       0x31 main.o
 .comment       0x00000030       0x31 src/adc_basic.o
 .comment       0x00000030       0x31 src/driver_init.o
 .comment       0x00000030       0x31 src/exint.o
 .comment       0x00000030       0x31 src/i2c_master.o
 .comment       0x00000030       0x31 src/i2c_simple_master.o
 .comment       0x00000030       0x31 src/i2c_types.o
 .comment       0x00000030       0x31 src/LIS3DH.o
 .comment       0x00000030       0x31 src/LP55231.o
 .comment       0x00000030       0x31 src/tc16.o

.note.gnu.avr.deviceinfo
                0x00000000       0x40
 .note.gnu.avr.deviceinfo
                0x00000000       0x40 C:/Program Files (x86)/Atmel/Studio/7.0/Packs/Atmel/ATmega_DFP/1.3.300/gcc/dev/atmega328pb/avr5/crtatmega328pb.o

.note.gnu.build-id
 *(.note.gnu.build-id)

.debug
 *(.debug)

.line
 *(.line)

.debug_srcinfo
 *(.debug_srcinfo)

.debug_sfnames
 *(.debug_sfnames)

.debug_aranges  0x00000000      0x468
 *(.debug_aranges)
 .debug_aranges
                0x00000000       0x20 atmel_start.o
 .debug_aranges
                0x00000020       0x30 driver_isr.o
 .debug_aranges
                0x00000050       0x28 main.o
 .debug_aranges
                0x00000078       0x68 src/adc_basic.o
 .debug_aranges
                0x000000e0       0x40 src/driver_init.o
 .debug_aranges
                0x00000120       0x20 src/exint.o
 .debug_aranges
                0x00000140      0x138 src/i2c_master.o
 .debug_aranges
                0x00000278       0x78 src/i2c_simple_master.o
 .debug_aranges
                0x000002f0       0x38 src/i2c_types.o
 .debug_aranges
                0x00000328       0x58 src/LIS3DH.o
 .debug_aranges
                0x00000380       0xa8 src/LP55231.o
 .debug_aranges
                0x00000428       0x20 src/protected_io.o
 .debug_aranges
                0x00000448       0x20 src/tc16.o

.debug_pubnames
 *(.debug_pubnames)

.debug_info     0x00000000     0x5284
 *(.debug_info .gnu.linkonce.wi.*)
 .debug_info    0x00000000      0x8ea C:/Program Files (x86)/Atmel/Studio/7.0/Packs/Atmel/ATmega_DFP/1.3.300/gcc/dev/atmega328pb/avr5/crtatmega328pb.o
 .debug_info    0x000008ea       0x9a atmel_start.o
 .debug_info    0x00000984      0x757 driver_isr.o
 .debug_info    0x000010db      0x8ae main.o
 .debug_info    0x00001989      0x226 src/adc_basic.o
 .debug_info    0x00001baf      0xb76 src/driver_init.o
 .debug_info    0x00002725       0x91 src/exint.o
 .debug_info    0x000027b6      0xa92 src/i2c_master.o
 .debug_info    0x00003248      0x914 src/i2c_simple_master.o
 .debug_info    0x00003b5c      0x146 src/i2c_types.o
 .debug_info    0x00003ca2      0x6d6 src/LIS3DH.o
 .debug_info    0x00004378      0xdd8 src/LP55231.o
 .debug_info    0x00005150       0x98 src/protected_io.o
 .debug_info    0x000051e8       0x9c src/tc16.o

.debug_abbrev   0x00000000     0x17a5
 *(.debug_abbrev)
 .debug_abbrev  0x00000000      0x86e C:/Program Files (x86)/Atmel/Studio/7.0/Packs/Atmel/ATmega_DFP/1.3.300/gcc/dev/atmega328pb/avr5/crtatmega328pb.o
 .debug_abbrev  0x0000086e       0x63 atmel_start.o
 .debug_abbrev  0x000008d1      0x197 driver_isr.o
 .debug_abbrev  0x00000a68      0x18a main.o
 .debug_abbrev  0x00000bf2      0x141 src/adc_basic.o
 .debug_abbrev  0x00000d33      0x177 src/driver_init.o
 .debug_abbrev  0x00000eaa       0x51 src/exint.o
 .debug_abbrev  0x00000efb      0x2bc src/i2c_master.o
 .debug_abbrev  0x000011b7      0x168 src/i2c_simple_master.o
 .debug_abbrev  0x0000131f       0x9d src/i2c_types.o
 .debug_abbrev  0x000013bc      0x181 src/LIS3DH.o
 .debug_abbrev  0x0000153d      0x203 src/LP55231.o
 .debug_abbrev  0x00001740       0x14 src/protected_io.o
 .debug_abbrev  0x00001754       0x51 src/tc16.o

.debug_line     0x00000000     0x2036
 *(.debug_line .debug_line.* .debug_line_end)
 .debug_line    0x00000000      0x1a5 C:/Program Files (x86)/Atmel/Studio/7.0/Packs/Atmel/ATmega_DFP/1.3.300/gcc/dev/atmega328pb/avr5/crtatmega328pb.o
 .debug_line    0x000001a5       0x60 atmel_start.o
 .debug_line    0x00000205      0x16a driver_isr.o
 .debug_line    0x0000036f      0x348 main.o
 .debug_line    0x000006b7      0x1ef src/adc_basic.o
 .debug_line    0x000008a6      0x293 src/driver_init.o
 .debug_line    0x00000b39       0xb6 src/exint.o
 .debug_line    0x00000bef      0x7ed src/i2c_master.o
 .debug_line    0x000013dc      0x3cb src/i2c_simple_master.o
 .debug_line    0x000017a7       0xa2 src/i2c_types.o
 .debug_line    0x00001849      0x1dc src/LIS3DH.o
 .debug_line    0x00001a25      0x4e9 src/LP55231.o
 .debug_line    0x00001f0e       0x67 src/protected_io.o
 .debug_line    0x00001f75       0xc1 src/tc16.o

.debug_frame    0x00000000      0x9e4
 *(.debug_frame)
 .debug_frame   0x00000000       0x24 atmel_start.o
 .debug_frame   0x00000024       0x74 driver_isr.o
 .debug_frame   0x00000098       0x80 main.o
 .debug_frame   0x00000118       0xfc src/adc_basic.o
 .debug_frame   0x00000214       0x64 src/driver_init.o
 .debug_frame   0x00000278       0x24 src/exint.o
 .debug_frame   0x0000029c      0x2a4 src/i2c_master.o
 .debug_frame   0x00000540      0x18c src/i2c_simple_master.o
 .debug_frame   0x000006cc       0x54 src/i2c_types.o
 .debug_frame   0x00000720       0xb4 src/LIS3DH.o
 .debug_frame   0x000007d4      0x1ec src/LP55231.o
 .debug_frame   0x000009c0       0x24 src/tc16.o

.debug_str      0x00000000     0x15dc
 *(.debug_str)
 .debug_str     0x00000000      0x318 C:/Program Files (x86)/Atmel/Studio/7.0/Packs/Atmel/ATmega_DFP/1.3.300/gcc/dev/atmega328pb/avr5/crtatmega328pb.o
 .debug_str     0x00000318      0x16a atmel_start.o
                                0x1a3 (size before relaxing)
 .debug_str     0x00000482      0x260 driver_isr.o
                                0x3ee (size before relaxing)
 .debug_str     0x000006e2      0x101 main.o
                                0x409 (size before relaxing)
 .debug_str     0x000007e3      0x10e src/adc_basic.o
                                0x29a (size before relaxing)
 .debug_str     0x000008f1      0x2df src/driver_init.o
                                0x4f6 (size before relaxing)
 .debug_str     0x00000bd0        0xf src/exint.o
                                0x1a0 (size before relaxing)
 .debug_str     0x00000bdf      0x558 src/i2c_master.o
                                0x7f3 (size before relaxing)
 .debug_str     0x00001137      0x14e src/i2c_simple_master.o
                                0x40a (size before relaxing)
 .debug_str     0x00001285       0x63 src/i2c_types.o
                                0x22a (size before relaxing)
 .debug_str     0x000012e8      0x1b2 src/LIS3DH.o
                                0x4a4 (size before relaxing)
 .debug_str     0x0000149a      0x134 src/LP55231.o
                                0x4d2 (size before relaxing)
 .debug_str     0x000015ce        0xe src/tc16.o
                                0x1a1 (size before relaxing)

.debug_loc      0x00000000     0x1c4b
 *(.debug_loc)
 .debug_loc     0x00000000      0x12c driver_isr.o
 .debug_loc     0x0000012c      0x187 main.o
 .debug_loc     0x000002b3      0x10d src/adc_basic.o
 .debug_loc     0x000003c0      0x34b src/driver_init.o
 .debug_loc     0x0000070b      0x502 src/i2c_master.o
 .debug_loc     0x00000c0d      0x787 src/i2c_simple_master.o
 .debug_loc     0x00001394       0x98 src/i2c_types.o
 .debug_loc     0x0000142c      0x259 src/LIS3DH.o
 .debug_loc     0x00001685      0x5c6 src/LP55231.o

.debug_macinfo
 *(.debug_macinfo)

.debug_weaknames
 *(.debug_weaknames)

.debug_funcnames
 *(.debug_funcnames)

.debug_typenames
 *(.debug_typenames)

.debug_varnames
 *(.debug_varnames)

.debug_pubtypes
 *(.debug_pubtypes)

.debug_ranges   0x00000000      0x388
 *(.debug_ranges)
 .debug_ranges  0x00000000       0x10 atmel_start.o
 .debug_ranges  0x00000010       0x20 driver_isr.o
 .debug_ranges  0x00000030       0x18 main.o
 .debug_ranges  0x00000048       0x58 src/adc_basic.o
 .debug_ranges  0x000000a0       0x30 src/driver_init.o
 .debug_ranges  0x000000d0       0x10 src/exint.o
 .debug_ranges  0x000000e0      0x128 src/i2c_master.o
 .debug_ranges  0x00000208       0x68 src/i2c_simple_master.o
 .debug_ranges  0x00000270       0x28 src/i2c_types.o
 .debug_ranges  0x00000298       0x48 src/LIS3DH.o
 .debug_ranges  0x000002e0       0x98 src/LP55231.o
 .debug_ranges  0x00000378       0x10 src/tc16.o

.debug_macro
 *(.debug_macro)
OUTPUT(Signalight_RevB_START.elf elf32-avr)
LOAD linker stubs
